C:\Embebidosk64\workspace\Test2RepoGit\CMSIS/core_cm4.h:1679:22:__NVIC_EnableIRQ	16	static
C:\Embebidosk64\workspace\Test2RepoGit\drivers/fsl_common_arm.h:499:24:EnableIRQ	24	static
C:\Embebidosk64\workspace\Test2RepoGit\drivers/fsl_pit.h:105:20:PIT_GetDefaultConfig	16	static
C:\Embebidosk64\workspace\Test2RepoGit\drivers/fsl_pit.h:159:20:PIT_EnableInterrupts	24	static
C:\Embebidosk64\workspace\Test2RepoGit\drivers/fsl_pit.h:220:20:PIT_ClearStatusFlags	24	static
C:\Embebidosk64\workspace\Test2RepoGit\drivers/fsl_pit.h:246:20:PIT_SetTimerPeriod	24	static
C:\Embebidosk64\workspace\Test2RepoGit\drivers/fsl_pit.h:288:20:PIT_StartTimer	16	static
../source/Drivers/PIT/pit_driver.c:26:6:counter	4	static
../source/Drivers/PIT/pit_driver.c:58:6:PIT0_IRQHandler	8	static
../source/Drivers/PIT/pit_driver.c:66:6:PIT1_IRQHandler	8	static
../source/Drivers/PIT/pit_driver.c:73:6:PIT0_init_d	48	static
../source/Drivers/PIT/pit_driver.c:80:6:PIT1_init_d	32	static
../source/Drivers/PIT/pit_driver.c:88:6:PIT_init_d	16	static
../source/Drivers/PIT/pit_driver.c:96:6:PIT_Delay	24	static
